// Jest Snapshot v1, https://goo.gl/fbAQLP

exports[`FooterLink renders correctly 1`] = `
<a
  aria-label="go to foo.com"
  className="sc-bdVaJa bDWFJH"
  href="foo.com"
  onMouseEnter={[Function]}
  onMouseLeave={[Function]}
  style={
    Object {
      "fill": "rgba(73, 85, 94, 1)",
    }
  }
>
  <span />
</a>
`;
